<area shape="rect" href="$classCairo_1_1Surface.html" title="A cairo surface represents an image, either as the destination of a drawing operation..." alt="" coords="5,208,109,235">
<area shape="rect" href="$classCairo_1_1GlitzSurface.html" title="A GlitzSurface provides a way to render to the X Window System using Glitz." alt="" coords="184,6,315,32">
<area shape="rect" href="$classCairo_1_1ImageSurface.html" title="Image surfaces provide the ability to render to memory buffers either allocated by..." alt="" coords="180,56,319,83">
<area shape="rect" href="$classCairo_1_1PdfSurface.html" title="A PdfSurface provides a way to render PDF documents from cairo." alt="" coords="188,107,311,134">
<area shape="rect" href="$classCairo_1_1PsSurface.html" title="A PsSurface provides a way to render PostScript documents from cairo." alt="" coords="189,158,309,184">
<area shape="rect" href="$classCairo_1_1QuartzSurface.html" title="A QuartzSurface provides a way to render within Apple Mac OS X." alt="" coords="177,208,321,235">
<area shape="rect" href="$classCairo_1_1SvgSurface.html" title="A SvgSurface provides a way to render Scalable Vector Graphics (SVG) images from..." alt="" coords="185,259,313,286">
<area shape="rect" href="$classCairo_1_1Win32PrintingSurface.html" title="A multi&#45;page vector surface type for printing on Microsoft Windows." alt="" coords="157,310,341,336">
<area shape="rect" href="$classCairo_1_1Win32Surface.html" title="A Win32Surface provides a way to render within Microsoft Windows." alt="" coords="180,360,319,387">
<area shape="rect" href="$classCairo_1_1XlibSurface.html" title="An XlibSurface provides a way to render to the X Window System using XLib." alt="" coords="187,411,312,438">
